// Jest Snapshot v1, https://goo.gl/fbAQLP

exports[`rollup-plugin-purifycss should handle 1`] = `
"(function () {
  'use strict';



}());
"
`;
